#-----------------------------------------------------------
# Vivado v2019.2 (64-bit)
# SW Build 2708876 on Wed Nov  6 21:40:23 MST 2019
# IP Build 2700528 on Thu Nov  7 00:09:20 MST 2019
# Start of session at: Sun Feb  2 23:14:01 2020
# Process ID: 12196
# Current directory: D:/Skole/Digitale systemer og programmering/VHDL programmering/Lecture02_8bits_comp_struct_design/Lecture02_8bits_comp_struct_design.runs/synth_1
# Command line: vivado.exe -log Eight_Bit_Comparator.vds -product Vivado -mode batch -messageDb vivado.pb -notrace -source Eight_Bit_Comparator.tcl
# Log file: D:/Skole/Digitale systemer og programmering/VHDL programmering/Lecture02_8bits_comp_struct_design/Lecture02_8bits_comp_struct_design.runs/synth_1/Eight_Bit_Comparator.vds
# Journal file: D:/Skole/Digitale systemer og programmering/VHDL programmering/Lecture02_8bits_comp_struct_design/Lecture02_8bits_comp_struct_design.runs/synth_1\vivado.jou
#-----------------------------------------------------------
source Eight_Bit_Comparator.tcl -notrace
